{
    "rra_results_explicit_syntax": {
        "content": [
            "explicit_syntax.filtered.merged.barcode.matrices.csv_rra_results.csv:md5,fb8578a38d8064f0f54e9b08cf5cdd8c"
        ],
        "timestamp": "2026-04-08T14:47:01.829271433",
        "meta": {
            "nf-test": "0.9.5",
            "nextflow": "25.10.4"
        }
    },
    "filtered_matrix_explicit_syntax": {
        "content": [
            "explicit_syntax.filtered.merged.barcode.matrices.csv.gz:md5,1030411d4dff82fd0bef0925b0e51510"
        ],
        "timestamp": "2026-04-08T14:47:01.862218309",
        "meta": {
            "nf-test": "0.9.5",
            "nextflow": "25.10.4"
        }
    }
}